// Jest Snapshot v1, https://goo.gl/fbAQLP

exports[`CreateEventStep3 renders snapshots 1`] = `
"<div class=\\"ui-provider\\" dir=\\"ltr\\" data-uses-unhanded-props=\\"true\\">
  <div class=\\"page-content create-event-step3\\">
    <div class=\\"ui-flex\\" data-uses-unhanded-props=\\"true\\"><span class=\\"ui-text\\" dir=\\"auto\\" data-uses-unhanded-props=\\"true\\">eventPreviewStep3</span></div>
    <div class=\\"ui-flex margin-top\\" data-uses-unhanded-props=\\"true\\"><span class=\\"ui-text category label-color\\" data-uses-unhanded-props=\\"true\\"></span>
      <div class=\\"ui-flex\\" data-uses-unhanded-props=\\"true\\"><span class=\\"ui-label event-artifact\\" title=\\"teamsMeeting\\" data-uses-unhanded-props=\\"true\\"><div class=\\"ui-box\\" data-uses-unhanded-props=\\"true\\"><div class=\\"ui-layout text-overflow-ellipsis\\"><div class=\\"ui-layout__start\\"><span role=\\"img\\" aria-hidden=\\"true\\" class=\\"ui-icon\\"><svg role=\\"presentation\\" focusable=\\"false\\" viewBox=\\"8 8 16 16\\"><path class=\\"ui-icon__outline\\" d=\\"M10 11c-1.1 0-2 .9-2 2s.9 2 2 2 2-.9 2-2-.9-2-2-2zm0 3c-.6 0-1-.4-1-1s.4-1 1-1 1 .4 1 1-.4 1-1 1zm6 0c1.1 0 2-.9 2-2s-.9-2-2-2-2 .9-2 2 .9 2 2 2zm0-3c.6 0 1 .4 1 1s-.4 1-1 1-1-.4-1-1 .4-1 1-1zm6 4c1.1 0 2-.9 2-2s-.9-2-2-2-2 .9-2 2 .9 2 2 2zm0-3c.6 0 1 .4 1 1s-.4 1-1 1-1-.4-1-1 .4-1 1-1zm-9 8.9c0 1.3 1.2 2.1 3 2.1 1.9 0 3-.8 3-2.1V15h-6v5.9zm1-4.9h4v4.9c0 1-1.7 1.1-2 1.1s-2-.1-2-1.1V16zm6 .5c0 .3.2.5.5.5H23v2c0 1-1.7 1.1-2 1.1h-.5c-.3 0-.5.2-.5.5s.2.5.5.5h.5c1.9 0 3-.8 3-2.1v-3h-3.5c-.3 0-.5.2-.5.5zm-8.5.5c.3 0 .5-.2.5-.5s-.2-.5-.5-.5H8v3c0 1.3 1.1 2.1 3 2.1h.5c.3 0 .5-.2.5-.5s-.2-.5-.5-.5H11c-.3 0-2-.1-2-1.1v-2h2.5z\\"></path><path class=\\"ui-icon__filled\\" d=\\"M13 20.9c0 1.3 1.2 2.1 3 2.1 1.9 0 3-.8 3-2.1V15h-6v5.9zm7 .2h1c1.9 0 3-.8 3-2.1v-3h-4v5.1zM8 19c0 1.3 1.1 2.1 3 2.1h1V16H8v3z\\"></path><circle class=\\"ui-icon__filled\\" cx=\\"10\\" cy=\\"13\\" r=\\"2\\"></circle><circle class=\\"ui-icon__filled\\" cx=\\"16\\" cy=\\"12\\" r=\\"2\\"></circle><circle class=\\"ui-icon__filled\\" cx=\\"22\\" cy=\\"13\\" r=\\"2\\"></circle></svg></span></div><span class=\\"ui-layout__gap\\"></span>
      <div class=\\"ui-layout__main\\"><span class=\\"ui-text text-overflow-ellipsis\\" dir=\\"auto\\" data-uses-unhanded-props=\\"true\\">teamsMeeting</span></div>
    </div>
  </div></span><span class=\\"ui-label event-artifact\\" title=\\"public\\" data-uses-unhanded-props=\\"true\\"><div class=\\"ui-box\\" data-uses-unhanded-props=\\"true\\"><div class=\\"ui-layout text-overflow-ellipsis\\"><div class=\\"ui-layout__start\\"><span role=\\"img\\" aria-hidden=\\"true\\" class=\\"ui-icon\\"><svg role=\\"presentation\\" focusable=\\"false\\" viewBox=\\"8 8 16 16\\"><path d=\\"M16 12.9c-1.7 0-3 1.3-3 3s1.3 3 3 3 3-1.3 3-3c0-1.6-1.3-3-3-3zm0 5c-1.1 0-2-.9-2-2s.9-2 2-2 2 .9 2 2-.9 2-2 2zm7.9-2.4C22.4 12.1 19.3 10 16 10s-6.4 2.1-7.9 5.5c-.1.3-.1.7 0 1C9.6 19.9 12.7 22 16 22s6.4-2.1 7.9-5.5c.1-.3.1-.7 0-1zm-.9.6c-1.4 3-4 4.9-7 4.9s-5.6-1.9-7-4.9v-.2c1.4-3 4-4.9 7-4.9s5.6 1.9 7 4.9v.2zM16 13c-1.7 0-3 1.3-3 3s1.3 3 3 3 3-1.3 3-3-1.3-3-3-3zm0 5c-1.1 0-2-.9-2-2s.9-2 2-2 2 .9 2 2-.9 2-2 2z\\"></path></svg></span>
</div><span class=\\"ui-layout__gap\\"></span>
<div class=\\"ui-layout__main\\"><span class=\\"ui-text text-overflow-ellipsis\\" dir=\\"auto\\" data-uses-unhanded-props=\\"true\\">public</span></div>
</div>
</div></span></div>
</div>
<div style=\\"margin-top: 1.33rem;\\"><span class=\\"ui-text\\" data-uses-unhanded-props=\\"true\\"></span></div>
<div class=\\"ui-flex\\" data-uses-unhanded-props=\\"true\\">
  <div class=\\"ui-layout event-date-and-time\\">
    <div class=\\"ui-layout__start\\"><i data-icon-name=\\"Clock\\" aria-hidden=\\"true\\" class=\\"root-37\\"></i></div><span class=\\"ui-layout__gap\\"></span>
    <div class=\\"ui-layout__main\\"><span class=\\"ui-text\\" dir=\\"auto\\" data-uses-unhanded-props=\\"true\\">Thu, 13:27 - 13:27</span></div>
  </div>
</div>
<div class=\\"ui-flex a\\" data-uses-unhanded-props=\\"true\\"><span class=\\"ui-text\\" data-uses-unhanded-props=\\"true\\"></span></div>
<div class=\\"ui-flex a\\" data-uses-unhanded-props=\\"true\\">
  <div class=\\"ui-flex\\" data-uses-unhanded-props=\\"true\\"><span class=\\"ui-text\\" dir=\\"auto\\" data-uses-unhanded-props=\\"true\\">totalNoOfParticipants</span><span class=\\"ui-text\\" data-uses-unhanded-props=\\"true\\">0</span></div>
  <div class=\\"ui-flex\\" data-uses-unhanded-props=\\"true\\"><span class=\\"ui-text\\" dir=\\"auto\\" data-uses-unhanded-props=\\"true\\">registeredParticipants</span><span class=\\"ui-text\\" data-uses-unhanded-props=\\"true\\">0</span></div>
</div>
</div>
<div class=\\"ui-flex button-footer\\" data-uses-unhanded-props=\\"true\\"><button data-aa-class=\\"Button\\" class=\\"ui-button\\" data-uses-unhanded-props=\\"true\\">
    <div class=\\"ui-box\\" data-uses-unhanded-props=\\"true\\"><span role=\\"img\\" aria-hidden=\\"true\\" class=\\"ui-icon\\"><svg role=\\"presentation\\" focusable=\\"false\\" viewBox=\\"8 8 16 16\\"><path d=\\"M9.1 15.9l4 4c.2.2.5.2.7 0s.2-.5 0-.7L10.7 16h11.8c.3 0 .5-.2.5-.5s-.2-.5-.5-.5H10.7l3.1-3.1c.2-.2.2-.5 0-.7 0-.2-.2-.2-.3-.2s-.3 0-.4.1l-4 4c-.1.2-.1.6 0 .8z\\"></path></svg></span></div><span dir=\\"auto\\" class=\\"ui-button__content\\" data-uses-unhanded-props=\\"true\\">back</span>
  </button><span class=\\"ui-text\\" dir=\\"auto\\" data-uses-unhanded-props=\\"true\\">step3of3</span><button aria-disabled=\\"false\\" data-aa-class=\\"Button\\" class=\\"ui-button\\" data-testid=\\"save_button\\" data-uses-unhanded-props=\\"true\\"><span dir=\\"auto\\" class=\\"ui-button__content\\" data-uses-unhanded-props=\\"true\\">saveAsDraft</span></button><button aria-disabled=\\"false\\" data-aa-class=\\"Button\\" class=\\"ui-button\\" data-testid=\\"create_event_button\\" data-uses-unhanded-props=\\"true\\"><span dir=\\"auto\\" class=\\"ui-button__content\\" data-uses-unhanded-props=\\"true\\">createEvent</span></button></div>
</div>"
`;
