// Jest Snapshot v1, https://goo.gl/fbAQLP

exports[`CreateEventStep2 renders snapshots 1`] = `
"<div class=\\"ui-provider\\" dir=\\"ltr\\" data-uses-unhanded-props=\\"true\\">
  <div class=\\"page-content\\">
    <div class=\\"ui-flex\\" data-uses-unhanded-props=\\"true\\"><span class=\\"ui-text\\" dir=\\"auto\\" data-uses-unhanded-props=\\"true\\">audienceDetailsStep2</span></div>
    <div class=\\"ui-flex margin-top\\" data-uses-unhanded-props=\\"true\\">
      <div class=\\"ui-flex\\" data-uses-unhanded-props=\\"true\\"><span class=\\"ui-text form-label\\" dir=\\"auto\\" data-uses-unhanded-props=\\"true\\">audienceTypeStep2</span><span role=\\"img\\" aria-hidden=\\"true\\" class=\\"ui-icon\\" title=\\"audienceTypeInfoIconTitle\\"><svg role=\\"presentation\\" focusable=\\"false\\" viewBox=\\"8 8 16 16\\"><g><path class=\\"ui-icon__outline\\" d=\\"M16.5 9C12.4 9 9 12.4 9 16.5s3.4 7.5 7.5 7.5 7.5-3.4 7.5-7.5S20.6 9 16.5 9zm0 14c-3.6 0-6.5-2.9-6.5-6.5s2.9-6.5 6.5-6.5 6.5 2.9 6.5 6.5-2.9 6.5-6.5 6.5zm0-7.5c-.3 0-.5.2-.5.5v3.5c0 .3.2.5.5.5s.5-.2.5-.5V16c0-.3-.2-.5-.5-.5z\\"></path><circle class=\\"ui-icon__outline\\" cx=\\"16.5\\" cy=\\"13.5\\" r=\\"1\\"></circle><path class=\\"ui-icon__filled\\" d=\\"M16.5 9C12.4 9 9 12.4 9 16.5s3.4 7.5 7.5 7.5 7.5-3.4 7.5-7.5S20.6 9 16.5 9zm.5 10.5c0 .3-.2.5-.5.5s-.5-.2-.5-.5V16c0-.3.2-.5.5-.5s.5.2.5.5v3.5zm-.5-5c-.6 0-1-.4-1-1s.4-1 1-1 1 .4 1 1-.4 1-1 1z\\"></path></g></svg></span></div>
    </div>
    <div class=\\"ui-flex input-label-margin-between\\" data-uses-unhanded-props=\\"true\\">
      <div class=\\"ui-dropdown\\" data-testid=\\"event_audience_dropdown\\">
        <div class=\\"ui-dropdown__container\\">
          <div class=\\"ui-dropdown__selected-items\\"><button role=\\"button\\" data-aa-class=\\"Button\\" class=\\"ui-button ui-dropdown__trigger-button\\" id=\\"dropdown-trigger-button-1\\" type=\\"button\\" aria-haspopup=\\"true\\" data-toggle=\\"true\\" aria-labelledby=\\"dropdown-trigger-button-1\\" data-uses-unhanded-props=\\"true\\"><span dir=\\"auto\\" class=\\"ui-button__content\\" data-uses-unhanded-props=\\"true\\">publicAudience</span></button></div>
          <div role=\\"img\\" aria-hidden=\\"true\\" data-aa-class=\\"Box\\" class=\\"ui-box ui-dropdown__toggle-indicator\\" data-uses-unhanded-props=\\"true\\"></div>
          <ul role=\\"listbox\\" data-aa-class=\\"List\\" class=\\"ui-list ui-dropdown__items-list\\" aria-labelledby=\\"downshift-0-label\\" id=\\"downshift-0-menu\\" tabindex=\\"-1\\" aria-hidden=\\"true\\" data-uses-unhanded-props=\\"true\\"></ul>
        </div>
      </div>
    </div>
  </div>
  <div class=\\"ui-flex button-footer\\" data-uses-unhanded-props=\\"true\\"><button data-aa-class=\\"Button\\" class=\\"ui-button\\" data-testid=\\"back_button\\" data-uses-unhanded-props=\\"true\\">
      <div class=\\"ui-box\\" data-uses-unhanded-props=\\"true\\"><span role=\\"img\\" aria-hidden=\\"true\\" class=\\"ui-icon\\"><svg role=\\"presentation\\" focusable=\\"false\\" viewBox=\\"8 8 16 16\\"><path d=\\"M9.1 15.9l4 4c.2.2.5.2.7 0s.2-.5 0-.7L10.7 16h11.8c.3 0 .5-.2.5-.5s-.2-.5-.5-.5H10.7l3.1-3.1c.2-.2.2-.5 0-.7 0-.2-.2-.2-.3-.2s-.3 0-.4.1l-4 4c-.1.2-.1.6 0 .8z\\"></path></svg></span></div><span dir=\\"auto\\" class=\\"ui-button__content\\" data-uses-unhanded-props=\\"true\\">back</span>
    </button><span class=\\"ui-text\\" dir=\\"auto\\" data-uses-unhanded-props=\\"true\\">step2Of3</span><button aria-disabled=\\"false\\" data-aa-class=\\"Button\\" class=\\"ui-button\\" data-testid=\\"save_draft_button\\" data-uses-unhanded-props=\\"true\\"><span dir=\\"auto\\" class=\\"ui-button__content\\" data-uses-unhanded-props=\\"true\\">saveAsDraft</span></button><button data-aa-class=\\"Button\\" class=\\"ui-button\\" data-testid=\\"next_button\\" data-uses-unhanded-props=\\"true\\"><span dir=\\"auto\\" class=\\"ui-button__content\\" data-uses-unhanded-props=\\"true\\">nextButton</span></button></div>
</div>"
`;
