// Jest Snapshot v1, https://goo.gl/fbAQLP

exports[`ManageCategories renders snapshots 1`] = `
"<div class=\\"ui-provider\\" dir=\\"ltr\\" data-uses-unhanded-props=\\"true\\">
  <div class=\\"ui-provider\\" data-uses-unhanded-props=\\"true\\">
    <div class=\\"ui-flex\\" data-uses-unhanded-props=\\"true\\">
      <div class=\\"task-module-container\\">
        <div class=\\"commandbar-wrapper\\">
          <div class=\\"ui-flex commandbar-wrapper-container\\" data-uses-unhanded-props=\\"true\\"><button data-aa-class=\\"Button\\" class=\\"ui-button list-categories-menu-button\\" data-testid=\\"addbutton\\" data-uses-unhanded-props=\\"true\\">
              <div class=\\"ui-box\\" data-uses-unhanded-props=\\"true\\"><span role=\\"img\\" aria-hidden=\\"true\\" class=\\"ui-icon\\"><svg role=\\"presentation\\" focusable=\\"false\\" viewBox=\\"8 8 16 16\\"><path class=\\"ui-icon__outline\\" d=\\"M23.352 16.117c.098.1.148.217.148.352 0 .136-.05.253-.148.351a.48.48 0 0 1-.352.149h-6v6c0 .136-.05.253-.148.351a.48.48 0 0 1-.352.149.477.477 0 0 1-.352-.149.477.477 0 0 1-.148-.351v-6h-6a.477.477 0 0 1-.352-.149.48.48 0 0 1-.148-.351c0-.135.05-.252.148-.352A.481.481 0 0 1 10 15.97h6v-6c0-.135.049-.253.148-.352a.48.48 0 0 1 .352-.148c.135 0 .252.05.352.148.098.1.148.216.148.352v6h6c.135 0 .252.05.352.148z\\"></path><path class=\\"ui-icon__filled\\" d=\\"M23.5 15.969a1.01 1.01 0 0 1-.613.922.971.971 0 0 1-.387.078H17v5.5a1.01 1.01 0 0 1-.613.922.971.971 0 0 1-.387.078.965.965 0 0 1-.387-.079.983.983 0 0 1-.535-.535.97.97 0 0 1-.078-.386v-5.5H9.5a.965.965 0 0 1-.387-.078.983.983 0 0 1-.535-.535.972.972 0 0 1-.078-.387 1.002 1.002 0 0 1 1-1H15v-5.5a1.002 1.002 0 0 1 1.387-.922c.122.052.228.124.32.215a.986.986 0 0 1 .293.707v5.5h5.5a.989.989 0 0 1 .707.293c.09.091.162.198.215.32a.984.984 0 0 1 .078.387z\\"></path></svg></span></div><span dir=\\"auto\\" class=\\"ui-button__content\\" data-uses-unhanded-props=\\"true\\">add</span>
            </button><button disabled=\\"\\" aria-disabled=\\"true\\" data-aa-class=\\"Button\\" class=\\"ui-button list-categories-menu-button\\" data-testid=\\"editbutton\\" data-uses-unhanded-props=\\"true\\">
              <div class=\\"ui-box\\" data-uses-unhanded-props=\\"true\\"><span role=\\"img\\" aria-hidden=\\"true\\" class=\\"ui-icon\\"><svg role=\\"presentation\\" focusable=\\"false\\" viewBox=\\"8 8 16 16\\"><g><path class=\\"ui-icon__outline\\" d=\\"M21.613 9.176a2.276 2.276 0 0 1 1.21 1.21c.118.274.177.562.177.864 0 .297-.057.582-.172.855-.113.274-.276.52-.484.739l-8.993 9.008c-.02.02-.125.067-.312.14-.469.167-.98.331-1.54.492-.655.199-1.19.344-1.6.438A2.105 2.105 0 0 1 9.5 23a.479.479 0 0 1-.351-.148A.479.479 0 0 1 9 22.5c0-.067.026-.198.078-.39.099-.438.245-.974.438-1.61.161-.557.325-1.07.492-1.54.073-.187.12-.29.14-.312l9.008-8.992c.219-.208.465-.37.738-.484a2.198 2.198 0 0 1 1.719.004zM10.227 21.773l2.234-.64a1.895 1.895 0 0 0-.555-1.04 1.906 1.906 0 0 0-1.04-.554l-.64 2.234zm1.296-3.085a2.97 2.97 0 0 1 1.09.699c.316.315.549.678.7 1.09l6.968-6.985-1.773-1.773-6.985 6.969zm8.344-8.32l-.352-.352.352.351-.648.64 1.773 1.774.64-.648.352.351-.351-.351c.246-.245.367-.54.367-.883a1.283 1.283 0 0 0-.777-1.148 1.206 1.206 0 0 0-1.355.266z\\"></path><path class=\\"ui-icon__filled\\" d=\\"M11.261 19.656c.243.105.458.25.645.438s.334.402.438.644c.105.242.156.496.156.762 0 .224-.09.472-.274.742-.228.068-.433.133-.617.195-.588.204-1.096.36-1.523.47-.24.062-.435.093-.586.093a.479.479 0 0 1-.351-.148A.479.479 0 0 1 9 22.5c0-.182.057-.481.172-.898.052-.208.107-.399.164-.57l.188-.571c.01-.042.067-.216.172-.523l.132-.415c.23-.015.453-.023.672-.023.265 0 .52.052.761.156zm9.73-5.46l-7.522 7.538a.689.689 0 0 0 .03-.234 3.022 3.022 0 0 0-1.848-2.766 2.912 2.912 0 0 0-1.15-.234c-.1 0-.178.01-.235.031l7.538-7.523 3.188 3.187zm.622-5.02a2.276 2.276 0 0 1 1.21 1.21c.118.274.177.562.177.864 0 .448-.133.865-.399 1.25-.187.266-.488.597-.906.992l-3.187-3.187c.396-.417.726-.72.992-.907A2.164 2.164 0 0 1 20.75 9c.302 0 .59.059.863.176z\\"></path></g></svg></span></div><span dir=\\"auto\\" class=\\"ui-button__content\\" data-uses-unhanded-props=\\"true\\">edit</span>
            </button><button disabled=\\"\\" aria-disabled=\\"true\\" data-aa-class=\\"Button\\" class=\\"ui-button\\" data-testid=\\"deletebutton\\" data-uses-unhanded-props=\\"true\\">
              <div class=\\"ui-box\\" data-uses-unhanded-props=\\"true\\"><span role=\\"img\\" aria-hidden=\\"true\\" class=\\"ui-icon\\"><svg role=\\"presentation\\" focusable=\\"false\\" viewBox=\\"8 8 16 16\\"><g><g class=\\"ui-icon__outline\\"><path d=\\"M21 10h-3v-.7c0-.741-.86-1.3-2-1.3s-2 .559-2 1.3v.7h-3a.5.5 0 1 0 0 1h10a.5.5 0 1 0 0-1zm-6.003-.682C15.035 9.228 15.387 9 16 9s.965.228 1 .3v.7h-2.001l-.002-.682zM19.5 12h-7c-.827 0-1.5.673-1.5 1.5v8.552c0 .696.44 1.296 1.07 1.46 1.242.324 2.564.488 3.93.488s2.688-.164 3.93-.488c.63-.164 1.07-.764 1.07-1.46V13.5c0-.827-.673-1.5-1.5-1.5zm.5 10.052c0 .237-.136.444-.323.493-2.318.604-5.036.604-7.354 0-.187-.05-.323-.256-.323-.493V13.5a.5.5 0 0 1 .5-.5h7a.5.5 0 0 1 .5.5v8.552z\\"></path><path d=\\"M14 15h1v6h-1zM17 15h1v6h-1z\\"></path></g><path class=\\"ui-icon__filled\\" d=\\"M21 10h-3v-.7c0-.741-.86-1.3-2-1.3s-2 .559-2 1.3v.7h-3a.5.5 0 1 0 0 1h10a.5.5 0 1 0 0-1zm-1.5 2h-7c-.827 0-1.5.673-1.5 1.5v8.552c0 .696.44 1.296 1.07 1.46 1.242.324 2.564.488 3.93.488s2.688-.164 3.93-.488c.63-.164 1.07-.764 1.07-1.46V13.5c0-.827-.673-1.5-1.5-1.5zM15 21h-1v-6h1v6zm3 0h-1v-6h1v6z\\"></path></g></svg></span></div><span dir=\\"auto\\" class=\\"ui-button__content\\" data-uses-unhanded-props=\\"true\\">delete</span>
            </button>
            <div class=\\"ui-box ui-input\\" data-aa-class=\\"Input\\" data-testid=\\"searchbar\\" data-uses-unhanded-props=\\"true\\"><input class=\\"ui-box ui-input__input\\" placeholder=\\"searchPlaceholder\\" type=\\"text\\" data-uses-unhanded-props=\\"true\\" value=\\"\\">
              <div class=\\"ui-box ui-input__icon\\" data-uses-unhanded-props=\\"true\\"><span role=\\"img\\" aria-hidden=\\"true\\" class=\\"ui-icon\\"><svg role=\\"presentation\\" focusable=\\"false\\" viewBox=\\"8 8 16 16\\"><path class=\\"ui-icon__outline\\" d=\\"M23.352,22.648l-4.714-4.713A5.711,5.711,0,0,0,20,14.25,5.75,5.75,0,1,0,14.25,20a5.711,5.711,0,0,0,3.685-1.362l4.713,4.714a.5.5,0,1,0,.7-.7ZM9.5,14.25A4.75,4.75,0,1,1,14.25,19,4.8,4.8,0,0,1,9.5,14.25Z\\"></path><path class=\\"ui-icon__filled\\" d=\\"M14.25,8a6.236,6.236,0,0,1,5.062,9.9l4.4,4.391A.974.974,0,0,1,24,23a1.029,1.029,0,0,1-1,1,.982.982,0,0,1-.711-.3L17.9,19.312A6.246,6.246,0,1,1,14.25,8Zm0,2a4.25,4.25,0,1,0,4.25,4.25A4.285,4.285,0,0,0,14.25,10Z\\"></path></svg></span></div>
            </div>
          </div>
        </div>
        <div class=\\"ui-table manage-categories-content categories-table manage-categories-content-background\\" role=\\"table\\" data-aa-class=\\"Table\\" data-testid=\\"table\\">
          <div class=\\"ui-table__row ui-table__header\\" role=\\"row\\" data-aa-class=\\"TableRow\\">
            <div role=\\"columnheader\\" data-aa-class=\\"TableCell\\" class=\\"ui-table__cell category-select-all-column\\" data-uses-unhanded-props=\\"true\\">
              <div class=\\"ui-box\\" data-uses-unhanded-props=\\"true\\">
                <div aria-checked=\\"false\\" role=\\"checkbox\\" tabindex=\\"0\\" data-is-focusable=\\"true\\" data-aa-class=\\"Checkbox\\" class=\\"ui-checkbox\\" data-testid=\\"list-categories_selectAllCheckbox\\" data-uses-unhanded-props=\\"true\\">
                  <div class=\\"ui-box ui-checkbox__indicator\\" data-uses-unhanded-props=\\"true\\"></div>
                </div>
              </div>
            </div>
            <div role=\\"columnheader\\" data-aa-class=\\"TableCell\\" class=\\"ui-table__cell category-name-column\\" data-uses-unhanded-props=\\"true\\">
              <div dir=\\"auto\\" class=\\"ui-box\\" data-uses-unhanded-props=\\"true\\">categoryName</div>
            </div>
            <div role=\\"columnheader\\" data-aa-class=\\"TableCell\\" class=\\"ui-table__cell\\" data-uses-unhanded-props=\\"true\\">
              <div dir=\\"auto\\" class=\\"ui-box\\" data-uses-unhanded-props=\\"true\\">description</div>
            </div>
          </div>
          <div class=\\"ui-table__row\\" role=\\"row\\" data-aa-class=\\"TableRow\\">
            <div role=\\"cell\\" data-aa-class=\\"TableCell\\" class=\\"ui-table__cell category-select-all-column\\" data-uses-unhanded-props=\\"true\\">
              <div class=\\"ui-box\\" data-uses-unhanded-props=\\"true\\">
                <div aria-checked=\\"false\\" role=\\"checkbox\\" tabindex=\\"0\\" data-is-focusable=\\"true\\" data-aa-class=\\"Checkbox\\" class=\\"ui-checkbox\\" data-testid=\\"list-categories_categoryCheckbox0\\" data-uses-unhanded-props=\\"true\\">
                  <div class=\\"ui-box ui-checkbox__indicator\\" data-uses-unhanded-props=\\"true\\"></div>
                </div>
              </div>
            </div>
            <div role=\\"cell\\" data-aa-class=\\"TableCell\\" class=\\"ui-table__cell category-name-column\\" title=\\"category name1\\" data-uses-unhanded-props=\\"true\\">
              <div class=\\"ui-box\\" data-uses-unhanded-props=\\"true\\"><span class=\\"ui-text\\" dir=\\"auto\\" data-uses-unhanded-props=\\"true\\">category name1</span></div>
            </div>
            <div role=\\"cell\\" data-aa-class=\\"TableCell\\" class=\\"ui-table__cell\\" title=\\"description1\\" data-uses-unhanded-props=\\"true\\">
              <div dir=\\"auto\\" class=\\"ui-box\\" data-uses-unhanded-props=\\"true\\">description1</div>
            </div>
          </div>
          <div class=\\"ui-table__row\\" role=\\"row\\" data-aa-class=\\"TableRow\\">
            <div role=\\"cell\\" data-aa-class=\\"TableCell\\" class=\\"ui-table__cell category-select-all-column\\" data-uses-unhanded-props=\\"true\\">
              <div class=\\"ui-box\\" data-uses-unhanded-props=\\"true\\">
                <div aria-checked=\\"false\\" role=\\"checkbox\\" tabindex=\\"0\\" data-is-focusable=\\"true\\" data-aa-class=\\"Checkbox\\" class=\\"ui-checkbox\\" data-testid=\\"list-categories_categoryCheckbox1\\" data-uses-unhanded-props=\\"true\\">
                  <div class=\\"ui-box ui-checkbox__indicator\\" data-uses-unhanded-props=\\"true\\"></div>
                </div>
              </div>
            </div>
            <div role=\\"cell\\" data-aa-class=\\"TableCell\\" class=\\"ui-table__cell category-name-column\\" title=\\"category name2\\" data-uses-unhanded-props=\\"true\\">
              <div class=\\"ui-box\\" data-uses-unhanded-props=\\"true\\"><span class=\\"ui-text\\" dir=\\"auto\\" data-uses-unhanded-props=\\"true\\">category name2</span></div>
            </div>
            <div role=\\"cell\\" data-aa-class=\\"TableCell\\" class=\\"ui-table__cell\\" title=\\"description2\\" data-uses-unhanded-props=\\"true\\">
              <div dir=\\"auto\\" class=\\"ui-box\\" data-uses-unhanded-props=\\"true\\">description2</div>
            </div>
          </div>
          <div class=\\"ui-table__row\\" role=\\"row\\" data-aa-class=\\"TableRow\\">
            <div role=\\"cell\\" data-aa-class=\\"TableCell\\" class=\\"ui-table__cell category-select-all-column\\" data-uses-unhanded-props=\\"true\\">
              <div class=\\"ui-box\\" data-uses-unhanded-props=\\"true\\">
                <div aria-checked=\\"false\\" role=\\"checkbox\\" tabindex=\\"0\\" data-is-focusable=\\"true\\" data-aa-class=\\"Checkbox\\" class=\\"ui-checkbox\\" data-testid=\\"list-categories_categoryCheckbox2\\" data-uses-unhanded-props=\\"true\\">
                  <div class=\\"ui-box ui-checkbox__indicator\\" data-uses-unhanded-props=\\"true\\"></div>
                </div>
              </div>
            </div>
            <div role=\\"cell\\" data-aa-class=\\"TableCell\\" class=\\"ui-table__cell category-name-column\\" title=\\"category name3\\" data-uses-unhanded-props=\\"true\\">
              <div class=\\"ui-box\\" data-uses-unhanded-props=\\"true\\"><span class=\\"ui-text\\" dir=\\"auto\\" data-uses-unhanded-props=\\"true\\">category name3</span></div>
            </div>
            <div role=\\"cell\\" data-aa-class=\\"TableCell\\" class=\\"ui-table__cell\\" title=\\"description3\\" data-uses-unhanded-props=\\"true\\">
              <div dir=\\"auto\\" class=\\"ui-box\\" data-uses-unhanded-props=\\"true\\">description3</div>
            </div>
          </div>
        </div>
        <div class=\\"ui-flex manage-categories-footer\\" data-uses-unhanded-props=\\"true\\"></div>
      </div>
    </div>
  </div>
</div>"
`;
